<http://example.org/a/b> <http://www.w3.org/1999/02/22-rdf-syntax-ns#type> <http://example.org/Thing> .
<http://example.org/a/b/c> <http://www.w3.org/1999/02/22-rdf-syntax-ns#type> <http://example.org/Thing> .
